// Jest Snapshot v1, https://goo.gl/fbAQLP

exports[`SearchBar Component Snapshots Basic Rendering renders correctly with custom placeholder and initial query 1`] = `"<div data-testid="theme-provider"><div data-theme="light"><div class="w-full "><div class="flex flex-col sm:flex-row gap-2"><form class="w-full flex flex-col sm:flex-row gap-2" role="search"><div class="relative flex-grow"><div class="absolute inset-y-0 left-0 flex items-center pl-3 pointer-events-none"><svg class="h-4 w-4 text-gray-400 dark:text-gray-500" fill="none" viewBox="0 0 24 24" stroke="currentColor" aria-hidden="true"><path stroke-linecap="round" stroke-linejoin="round" stroke-width="2" d="M21 21l-6-6m2-5a7 7 0 11-14 0 7 7 0 0114 0z"></path></svg></div><input placeholder="Find something..." class="appearance-none block w-full px-3 py-2 pl-10 pr-10 border border-gray-300 dark:border-gray-600 rounded-md shadow-sm placeholder-gray-400 dark:placeholder-gray-500 text-gray-900 dark:text-white bg-white dark:bg-gray-700 focus:outline-none focus:ring-blue-500 focus:border-blue-500 text-sm" aria-label="Search" type="text" value="initial search"><button type="button" class="absolute inset-y-0 right-0 flex items-center pr-3 text-gray-400 dark:text-gray-500 hover:text-gray-600 dark:hover:text-gray-300" aria-label="Clear search"><svg class="h-4 w-4" fill="none" viewBox="0 0 24 24" stroke="currentColor" aria-hidden="true"><path stroke-linecap="round" stroke-linejoin="round" stroke-width="2" d="M6 18L18 6M6 6l12 12"></path></svg></button></div><button type="submit" class="inline-flex items-center px-4 py-2 border text-sm font-medium rounded-md focus:outline-none focus:ring-2 focus:ring-offset-2 border-transparent bg-blue-600 hover:bg-blue-700 dark:bg-blue-700 dark:hover:bg-blue-800 text-white focus:ring-blue-500 dark:focus:ring-offset-gray-900 " aria-label="Submit search">Search</button></form></div></div></div></div>"`;

exports[`SearchBar Component Snapshots Basic Rendering renders correctly with default props 1`] = `"<div data-testid="theme-provider"><div data-theme="light"><div class="w-full "><div class="flex flex-col sm:flex-row gap-2"><form class="w-full flex flex-col sm:flex-row gap-2" role="search"><div class="relative flex-grow"><div class="absolute inset-y-0 left-0 flex items-center pl-3 pointer-events-none"><svg class="h-4 w-4 text-gray-400 dark:text-gray-500" fill="none" viewBox="0 0 24 24" stroke="currentColor" aria-hidden="true"><path stroke-linecap="round" stroke-linejoin="round" stroke-width="2" d="M21 21l-6-6m2-5a7 7 0 11-14 0 7 7 0 0114 0z"></path></svg></div><input placeholder="Search..." class="appearance-none block w-full px-3 py-2 pl-10 pr-10 border border-gray-300 dark:border-gray-600 rounded-md shadow-sm placeholder-gray-400 dark:placeholder-gray-500 text-gray-900 dark:text-white bg-white dark:bg-gray-700 focus:outline-none focus:ring-blue-500 focus:border-blue-500 text-sm" aria-label="Search" type="text" value=""></div><button type="submit" class="inline-flex items-center px-4 py-2 border text-sm font-medium rounded-md focus:outline-none focus:ring-2 focus:ring-offset-2 border-transparent bg-blue-600 hover:bg-blue-700 dark:bg-blue-700 dark:hover:bg-blue-800 text-white focus:ring-blue-500 dark:focus:ring-offset-gray-900 " aria-label="Submit search">Search</button></form></div></div></div></div>"`;

exports[`SearchBar Component Snapshots Basic Rendering renders filter dropdowns when provided 1`] = `"<div data-testid="theme-provider"><div data-theme="light"><div class="w-full "><div class="flex flex-col sm:flex-row gap-2"><form class="w-full flex flex-col sm:flex-row gap-2" role="search"><div class="relative flex-grow"><div class="absolute inset-y-0 left-0 flex items-center pl-3 pointer-events-none"><svg class="h-4 w-4 text-gray-400 dark:text-gray-500" fill="none" viewBox="0 0 24 24" stroke="currentColor" aria-hidden="true"><path stroke-linecap="round" stroke-linejoin="round" stroke-width="2" d="M21 21l-6-6m2-5a7 7 0 11-14 0 7 7 0 0114 0z"></path></svg></div><input placeholder="Search..." class="appearance-none block w-full px-3 py-2 pl-10 pr-10 border border-gray-300 dark:border-gray-600 rounded-md shadow-sm placeholder-gray-400 dark:placeholder-gray-500 text-gray-900 dark:text-white bg-white dark:bg-gray-700 focus:outline-none focus:ring-blue-500 focus:border-blue-500 text-sm" aria-label="Search" type="text" value=""></div><div class="sm:w-auto"><select class="block w-full px-3 py-2 border border-gray-300 dark:border-gray-600 rounded-md shadow-sm text-gray-900 dark:text-white bg-white dark:bg-gray-700 focus:outline-none focus:ring-blue-500 focus:border-blue-500 text-sm" aria-label="Status"><option value="">All</option><option value="active">Active</option><option value="inactive">Inactive</option></select></div><button type="submit" class="inline-flex items-center px-4 py-2 border text-sm font-medium rounded-md focus:outline-none focus:ring-2 focus:ring-offset-2 border-transparent bg-blue-600 hover:bg-blue-700 dark:bg-blue-700 dark:hover:bg-blue-800 text-white focus:ring-blue-500 dark:focus:ring-offset-gray-900 " aria-label="Submit search">Search</button></form></div></div></div></div>"`;

exports[`SearchBar Component Snapshots Basic Rendering shows search button when searchAsYouType is false 1`] = `"<div data-testid="theme-provider"><div data-theme="light"><div class="w-full "><div class="flex flex-col sm:flex-row gap-2"><form class="w-full flex flex-col sm:flex-row gap-2" role="search"><div class="relative flex-grow"><div class="absolute inset-y-0 left-0 flex items-center pl-3 pointer-events-none"><svg class="h-4 w-4 text-gray-400 dark:text-gray-500" fill="none" viewBox="0 0 24 24" stroke="currentColor" aria-hidden="true"><path stroke-linecap="round" stroke-linejoin="round" stroke-width="2" d="M21 21l-6-6m2-5a7 7 0 11-14 0 7 7 0 0114 0z"></path></svg></div><input placeholder="Search..." class="appearance-none block w-full px-3 py-2 pl-10 pr-10 border border-gray-300 dark:border-gray-600 rounded-md shadow-sm placeholder-gray-400 dark:placeholder-gray-500 text-gray-900 dark:text-white bg-white dark:bg-gray-700 focus:outline-none focus:ring-blue-500 focus:border-blue-500 text-sm" aria-label="Search" type="text" value=""></div><button type="submit" class="inline-flex items-center px-4 py-2 border text-sm font-medium rounded-md focus:outline-none focus:ring-2 focus:ring-offset-2 border-transparent bg-blue-600 hover:bg-blue-700 dark:bg-blue-700 dark:hover:bg-blue-800 text-white focus:ring-blue-500 dark:focus:ring-offset-gray-900 " aria-label="Submit search">Search</button></form></div></div></div></div>"`;

exports[`SearchBar Component Snapshots Button Variants renders with different button variants: button variant: primary 1`] = `"<div data-testid="theme-provider"><div data-theme="light"><div class="w-full "><div class="flex flex-col sm:flex-row gap-2"><form class="w-full flex flex-col sm:flex-row gap-2" role="search"><div class="relative flex-grow"><div class="absolute inset-y-0 left-0 flex items-center pl-3 pointer-events-none"><svg class="h-4 w-4 text-gray-400 dark:text-gray-500" fill="none" viewBox="0 0 24 24" stroke="currentColor" aria-hidden="true"><path stroke-linecap="round" stroke-linejoin="round" stroke-width="2" d="M21 21l-6-6m2-5a7 7 0 11-14 0 7 7 0 0114 0z"></path></svg></div><input placeholder="Search..." class="appearance-none block w-full px-3 py-2 pl-10 pr-10 border border-gray-300 dark:border-gray-600 rounded-md shadow-sm placeholder-gray-400 dark:placeholder-gray-500 text-gray-900 dark:text-white bg-white dark:bg-gray-700 focus:outline-none focus:ring-blue-500 focus:border-blue-500 text-sm" aria-label="Search" type="text" value=""></div><button type="submit" class="inline-flex items-center px-4 py-2 border text-sm font-medium rounded-md focus:outline-none focus:ring-2 focus:ring-offset-2 border-transparent bg-blue-600 hover:bg-blue-700 dark:bg-blue-700 dark:hover:bg-blue-800 text-white focus:ring-blue-500 dark:focus:ring-offset-gray-900 " aria-label="Submit search">Search</button></form></div></div></div></div>"`;

exports[`SearchBar Component Snapshots Button Variants renders with different button variants: button variant: secondary 1`] = `"<div data-testid="theme-provider"><div data-theme="light"><div class="w-full "><div class="flex flex-col sm:flex-row gap-2"><form class="w-full flex flex-col sm:flex-row gap-2" role="search"><div class="relative flex-grow"><div class="absolute inset-y-0 left-0 flex items-center pl-3 pointer-events-none"><svg class="h-4 w-4 text-gray-400 dark:text-gray-500" fill="none" viewBox="0 0 24 24" stroke="currentColor" aria-hidden="true"><path stroke-linecap="round" stroke-linejoin="round" stroke-width="2" d="M21 21l-6-6m2-5a7 7 0 11-14 0 7 7 0 0114 0z"></path></svg></div><input placeholder="Search..." class="appearance-none block w-full px-3 py-2 pl-10 pr-10 border border-gray-300 dark:border-gray-600 rounded-md shadow-sm placeholder-gray-400 dark:placeholder-gray-500 text-gray-900 dark:text-white bg-white dark:bg-gray-700 focus:outline-none focus:ring-blue-500 focus:border-blue-500 text-sm" aria-label="Search" type="text" value=""></div><button type="submit" class="inline-flex items-center px-4 py-2 border text-sm font-medium rounded-md focus:outline-none focus:ring-2 focus:ring-offset-2 border-gray-300 dark:border-gray-600 bg-white dark:bg-gray-700 text-gray-700 dark:text-gray-200 hover:bg-gray-50 dark:hover:bg-gray-600 focus:ring-blue-500 dark:focus:ring-offset-gray-900 " aria-label="Submit search">Search</button></form></div></div></div></div>"`;

exports[`SearchBar Component Snapshots Responsive Behavior adapts to different viewport sizes 1`] = `
{
  "desktop": "<div data-testid="theme-provider"><div data-theme="light"><div class="w-full "><div class="flex flex-col sm:flex-row gap-2"><form class="w-full flex flex-col sm:flex-row gap-2" role="search"><div class="relative flex-grow"><div class="absolute inset-y-0 left-0 flex items-center pl-3 pointer-events-none"><svg class="h-4 w-4 text-gray-400 dark:text-gray-500" fill="none" viewBox="0 0 24 24" stroke="currentColor" aria-hidden="true"><path stroke-linecap="round" stroke-linejoin="round" stroke-width="2" d="M21 21l-6-6m2-5a7 7 0 11-14 0 7 7 0 0114 0z"></path></svg></div><input placeholder="Search..." class="appearance-none block w-full px-3 py-2 pl-10 pr-10 border border-gray-300 dark:border-gray-600 rounded-md shadow-sm placeholder-gray-400 dark:placeholder-gray-500 text-gray-900 dark:text-white bg-white dark:bg-gray-700 focus:outline-none focus:ring-blue-500 focus:border-blue-500 text-sm" aria-label="Search" type="text" value=""></div><div class="sm:w-auto"><select class="block w-full px-3 py-2 border border-gray-300 dark:border-gray-600 rounded-md shadow-sm text-gray-900 dark:text-white bg-white dark:bg-gray-700 focus:outline-none focus:ring-blue-500 focus:border-blue-500 text-sm" aria-label="Status"><option value="">All</option><option value="active">Active</option><option value="inactive">Inactive</option></select></div><button type="submit" class="inline-flex items-center px-4 py-2 border text-sm font-medium rounded-md focus:outline-none focus:ring-2 focus:ring-offset-2 border-transparent bg-blue-600 hover:bg-blue-700 dark:bg-blue-700 dark:hover:bg-blue-800 text-white focus:ring-blue-500 dark:focus:ring-offset-gray-900 " aria-label="Submit search">Search</button></form></div></div></div></div>",
  "mobile": "<div data-testid="theme-provider"><div data-theme="light"><div class="w-full "><div class="flex flex-col sm:flex-row gap-2"><form class="w-full flex flex-col sm:flex-row gap-2" role="search"><div class="relative flex-grow"><div class="absolute inset-y-0 left-0 flex items-center pl-3 pointer-events-none"><svg class="h-4 w-4 text-gray-400 dark:text-gray-500" fill="none" viewBox="0 0 24 24" stroke="currentColor" aria-hidden="true"><path stroke-linecap="round" stroke-linejoin="round" stroke-width="2" d="M21 21l-6-6m2-5a7 7 0 11-14 0 7 7 0 0114 0z"></path></svg></div><input placeholder="Search..." class="appearance-none block w-full px-3 py-2 pl-10 pr-10 border border-gray-300 dark:border-gray-600 rounded-md shadow-sm placeholder-gray-400 dark:placeholder-gray-500 text-gray-900 dark:text-white bg-white dark:bg-gray-700 focus:outline-none focus:ring-blue-500 focus:border-blue-500 text-sm" aria-label="Search" type="text" value=""></div><div class="sm:w-auto"><select class="block w-full px-3 py-2 border border-gray-300 dark:border-gray-600 rounded-md shadow-sm text-gray-900 dark:text-white bg-white dark:bg-gray-700 focus:outline-none focus:ring-blue-500 focus:border-blue-500 text-sm" aria-label="Status"><option value="">All</option><option value="active">Active</option><option value="inactive">Inactive</option></select></div><button type="submit" class="inline-flex items-center px-4 py-2 border text-sm font-medium rounded-md focus:outline-none focus:ring-2 focus:ring-offset-2 border-transparent bg-blue-600 hover:bg-blue-700 dark:bg-blue-700 dark:hover:bg-blue-800 text-white focus:ring-blue-500 dark:focus:ring-offset-gray-900 " aria-label="Submit search">Search</button></form></div></div></div></div>",
  "tablet": "<div data-testid="theme-provider"><div data-theme="light"><div class="w-full "><div class="flex flex-col sm:flex-row gap-2"><form class="w-full flex flex-col sm:flex-row gap-2" role="search"><div class="relative flex-grow"><div class="absolute inset-y-0 left-0 flex items-center pl-3 pointer-events-none"><svg class="h-4 w-4 text-gray-400 dark:text-gray-500" fill="none" viewBox="0 0 24 24" stroke="currentColor" aria-hidden="true"><path stroke-linecap="round" stroke-linejoin="round" stroke-width="2" d="M21 21l-6-6m2-5a7 7 0 11-14 0 7 7 0 0114 0z"></path></svg></div><input placeholder="Search..." class="appearance-none block w-full px-3 py-2 pl-10 pr-10 border border-gray-300 dark:border-gray-600 rounded-md shadow-sm placeholder-gray-400 dark:placeholder-gray-500 text-gray-900 dark:text-white bg-white dark:bg-gray-700 focus:outline-none focus:ring-blue-500 focus:border-blue-500 text-sm" aria-label="Search" type="text" value=""></div><div class="sm:w-auto"><select class="block w-full px-3 py-2 border border-gray-300 dark:border-gray-600 rounded-md shadow-sm text-gray-900 dark:text-white bg-white dark:bg-gray-700 focus:outline-none focus:ring-blue-500 focus:border-blue-500 text-sm" aria-label="Status"><option value="">All</option><option value="active">Active</option><option value="inactive">Inactive</option></select></div><button type="submit" class="inline-flex items-center px-4 py-2 border text-sm font-medium rounded-md focus:outline-none focus:ring-2 focus:ring-offset-2 border-transparent bg-blue-600 hover:bg-blue-700 dark:bg-blue-700 dark:hover:bg-blue-800 text-white focus:ring-blue-500 dark:focus:ring-offset-gray-900 " aria-label="Submit search">Search</button></form></div></div></div></div>",
}
`;

exports[`SearchBar Component Snapshots Responsive Behavior collapses filters on mobile view: desktop layout 1`] = `
{
  "desktop": "<div data-testid="theme-provider"><div data-theme="light"><div class="w-full "><div class="flex flex-col sm:flex-row gap-2"><form class="w-full flex flex-col sm:flex-row gap-2" role="search"><div class="relative flex-grow"><div class="absolute inset-y-0 left-0 flex items-center pl-3 pointer-events-none"><svg class="h-4 w-4 text-gray-400 dark:text-gray-500" fill="none" viewBox="0 0 24 24" stroke="currentColor" aria-hidden="true"><path stroke-linecap="round" stroke-linejoin="round" stroke-width="2" d="M21 21l-6-6m2-5a7 7 0 11-14 0 7 7 0 0114 0z"></path></svg></div><input placeholder="Search..." class="appearance-none block w-full px-3 py-2 pl-10 pr-10 border border-gray-300 dark:border-gray-600 rounded-md shadow-sm placeholder-gray-400 dark:placeholder-gray-500 text-gray-900 dark:text-white bg-white dark:bg-gray-700 focus:outline-none focus:ring-blue-500 focus:border-blue-500 text-sm" aria-label="Search" type="text" value=""></div><div class="sm:w-auto"><select class="block w-full px-3 py-2 border border-gray-300 dark:border-gray-600 rounded-md shadow-sm text-gray-900 dark:text-white bg-white dark:bg-gray-700 focus:outline-none focus:ring-blue-500 focus:border-blue-500 text-sm" aria-label="Status"><option value="">All</option><option value="active">Active</option><option value="inactive">Inactive</option></select></div><button type="submit" class="inline-flex items-center px-4 py-2 border text-sm font-medium rounded-md focus:outline-none focus:ring-2 focus:ring-offset-2 border-transparent bg-blue-600 hover:bg-blue-700 dark:bg-blue-700 dark:hover:bg-blue-800 text-white focus:ring-blue-500 dark:focus:ring-offset-gray-900 " aria-label="Submit search">Search</button></form></div></div></div></div>",
}
`;

exports[`SearchBar Component Snapshots Responsive Behavior collapses filters on mobile view: mobile layout 1`] = `
{
  "mobile": "<div data-testid="theme-provider"><div data-theme="light"><div class="w-full "><div class="flex flex-col sm:flex-row gap-2"><form class="w-full flex flex-col sm:flex-row gap-2" role="search"><div class="relative flex-grow"><div class="absolute inset-y-0 left-0 flex items-center pl-3 pointer-events-none"><svg class="h-4 w-4 text-gray-400 dark:text-gray-500" fill="none" viewBox="0 0 24 24" stroke="currentColor" aria-hidden="true"><path stroke-linecap="round" stroke-linejoin="round" stroke-width="2" d="M21 21l-6-6m2-5a7 7 0 11-14 0 7 7 0 0114 0z"></path></svg></div><input placeholder="Search..." class="appearance-none block w-full px-3 py-2 pl-10 pr-10 border border-gray-300 dark:border-gray-600 rounded-md shadow-sm placeholder-gray-400 dark:placeholder-gray-500 text-gray-900 dark:text-white bg-white dark:bg-gray-700 focus:outline-none focus:ring-blue-500 focus:border-blue-500 text-sm" aria-label="Search" type="text" value=""></div><div class="sm:w-auto"><select class="block w-full px-3 py-2 border border-gray-300 dark:border-gray-600 rounded-md shadow-sm text-gray-900 dark:text-white bg-white dark:bg-gray-700 focus:outline-none focus:ring-blue-500 focus:border-blue-500 text-sm" aria-label="Status"><option value="">All</option><option value="active">Active</option><option value="inactive">Inactive</option></select></div><button type="submit" class="inline-flex items-center px-4 py-2 border text-sm font-medium rounded-md focus:outline-none focus:ring-2 focus:ring-offset-2 border-transparent bg-blue-600 hover:bg-blue-700 dark:bg-blue-700 dark:hover:bg-blue-800 text-white focus:ring-blue-500 dark:focus:ring-offset-gray-900 " aria-label="Submit search">Search</button></form></div></div></div></div>",
}
`;

exports[`SearchBar Component Snapshots Theme Variants renders differently in light and dark mode: dark mode 1`] = `"<div data-testid="theme-provider"><div data-theme="dark"><div class="w-full "><div class="flex flex-col sm:flex-row gap-2"><form class="w-full flex flex-col sm:flex-row gap-2" role="search"><div class="relative flex-grow"><div class="absolute inset-y-0 left-0 flex items-center pl-3 pointer-events-none"><svg class="h-4 w-4 text-gray-400 dark:text-gray-500" fill="none" viewBox="0 0 24 24" stroke="currentColor" aria-hidden="true"><path stroke-linecap="round" stroke-linejoin="round" stroke-width="2" d="M21 21l-6-6m2-5a7 7 0 11-14 0 7 7 0 0114 0z"></path></svg></div><input placeholder="Search..." class="appearance-none block w-full px-3 py-2 pl-10 pr-10 border border-gray-300 dark:border-gray-600 rounded-md shadow-sm placeholder-gray-400 dark:placeholder-gray-500 text-gray-900 dark:text-white bg-white dark:bg-gray-700 focus:outline-none focus:ring-blue-500 focus:border-blue-500 text-sm" aria-label="Search" type="text" value=""></div><button type="submit" class="inline-flex items-center px-4 py-2 border text-sm font-medium rounded-md focus:outline-none focus:ring-2 focus:ring-offset-2 border-transparent bg-blue-600 hover:bg-blue-700 dark:bg-blue-700 dark:hover:bg-blue-800 text-white focus:ring-blue-500 dark:focus:ring-offset-gray-900 " aria-label="Submit search">Search</button></form></div></div></div></div>"`;

exports[`SearchBar Component Snapshots Theme Variants renders differently in light and dark mode: light mode 1`] = `"<div data-testid="theme-provider"><div data-theme="light"><div class="w-full "><div class="flex flex-col sm:flex-row gap-2"><form class="w-full flex flex-col sm:flex-row gap-2" role="search"><div class="relative flex-grow"><div class="absolute inset-y-0 left-0 flex items-center pl-3 pointer-events-none"><svg class="h-4 w-4 text-gray-400 dark:text-gray-500" fill="none" viewBox="0 0 24 24" stroke="currentColor" aria-hidden="true"><path stroke-linecap="round" stroke-linejoin="round" stroke-width="2" d="M21 21l-6-6m2-5a7 7 0 11-14 0 7 7 0 0114 0z"></path></svg></div><input placeholder="Search..." class="appearance-none block w-full px-3 py-2 pl-10 pr-10 border border-gray-300 dark:border-gray-600 rounded-md shadow-sm placeholder-gray-400 dark:placeholder-gray-500 text-gray-900 dark:text-white bg-white dark:bg-gray-700 focus:outline-none focus:ring-blue-500 focus:border-blue-500 text-sm" aria-label="Search" type="text" value=""></div><button type="submit" class="inline-flex items-center px-4 py-2 border text-sm font-medium rounded-md focus:outline-none focus:ring-2 focus:ring-offset-2 border-transparent bg-blue-600 hover:bg-blue-700 dark:bg-blue-700 dark:hover:bg-blue-800 text-white focus:ring-blue-500 dark:focus:ring-offset-gray-900 " aria-label="Submit search">Search</button></form></div></div></div></div>"`;
